// Jest Snapshot v1, https://goo.gl/fbAQLP

exports[`extractSchema dvd-rental database Should match snapshot 1`] = `
Object {
  "tables": Array [
    Object {
      "columns": Array [
        Object {
          "comment": undefined,
          "defaultValue": "nextval('default_table_id_seq'::regclass)",
          "generated": "NEVER",
          "indices": Array [
            Object {
              "isPrimary": true,
              "name": "default_table_pkey",
            },
          ],
          "isIdentity": false,
          "isPrimary": true,
          "isUpdatable": true,
          "maxLength": null,
          "name": "id",
          "nullable": false,
          "parent": undefined,
          "rawInfo": Object {
            "character_maximum_length": null,
            "character_octet_length": null,
            "character_set_catalog": null,
            "character_set_name": null,
            "character_set_schema": null,
            "collation_catalog": null,
            "collation_name": null,
            "collation_schema": null,
            "column_default": "nextval('default_table_id_seq'::regclass)",
            "column_name": "id",
            "data_type": "integer",
            "datetime_precision": null,
            "domain_catalog": null,
            "domain_name": null,
            "domain_schema": null,
            "dtd_identifier": "1",
            "generation_expression": null,
            "identity_cycle": "NO",
            "identity_generation": null,
            "identity_increment": null,
            "identity_maximum": null,
            "identity_minimum": null,
            "identity_start": null,
            "interval_precision": null,
            "interval_type": null,
            "is_generated": "NEVER",
            "is_identity": "NO",
            "is_nullable": "NO",
            "is_self_referencing": "NO",
            "is_updatable": "YES",
            "maximum_cardinality": null,
            "numeric_precision": 32,
            "numeric_precision_radix": 2,
            "numeric_scale": 0,
            "ordinal_position": 1,
            "regtype": "integer",
            "scope_catalog": null,
            "scope_name": null,
            "scope_schema": null,
            "table_catalog": "postgres",
            "table_name": "default_table",
            "table_schema": "public",
            "udt_catalog": "postgres",
            "udt_name": "int4",
            "udt_schema": "pg_catalog",
          },
          "reference": undefined,
          "tags": Object {},
          "type": "int4",
        },
        Object {
          "comment": undefined,
          "defaultValue": null,
          "generated": "NEVER",
          "indices": Array [],
          "isIdentity": false,
          "isPrimary": false,
          "isUpdatable": true,
          "maxLength": null,
          "name": "cust_type",
          "nullable": true,
          "parent": undefined,
          "rawInfo": Object {
            "character_maximum_length": null,
            "character_octet_length": null,
            "character_set_catalog": null,
            "character_set_name": null,
            "character_set_schema": null,
            "collation_catalog": null,
            "collation_name": null,
            "collation_schema": null,
            "column_default": null,
            "column_name": "cust_type",
            "data_type": "USER-DEFINED",
            "datetime_precision": null,
            "domain_catalog": null,
            "domain_name": null,
            "domain_schema": null,
            "dtd_identifier": "2",
            "generation_expression": null,
            "identity_cycle": "NO",
            "identity_generation": null,
            "identity_increment": null,
            "identity_maximum": null,
            "identity_minimum": null,
            "identity_start": null,
            "interval_precision": null,
            "interval_type": null,
            "is_generated": "NEVER",
            "is_identity": "NO",
            "is_nullable": "YES",
            "is_self_referencing": "NO",
            "is_updatable": "YES",
            "maximum_cardinality": null,
            "numeric_precision": null,
            "numeric_precision_radix": null,
            "numeric_scale": null,
            "ordinal_position": 2,
            "regtype": "cust_type",
            "scope_catalog": null,
            "scope_name": null,
            "scope_schema": null,
            "table_catalog": "postgres",
            "table_name": "default_table",
            "table_schema": "public",
            "udt_catalog": "postgres",
            "udt_name": "cust_type",
            "udt_schema": "public",
          },
          "reference": undefined,
          "tags": Object {},
          "type": "cust_type",
        },
        Object {
          "comment": undefined,
          "defaultValue": null,
          "generated": "NEVER",
          "indices": Array [],
          "isIdentity": false,
          "isPrimary": false,
          "isUpdatable": true,
          "maxLength": 255,
          "name": "name",
          "nullable": true,
          "parent": undefined,
          "rawInfo": Object {
            "character_maximum_length": 255,
            "character_octet_length": 1020,
            "character_set_catalog": null,
            "character_set_name": null,
            "character_set_schema": null,
            "collation_catalog": null,
            "collation_name": null,
            "collation_schema": null,
            "column_default": null,
            "column_name": "name",
            "data_type": "character varying",
            "datetime_precision": null,
            "domain_catalog": null,
            "domain_name": null,
            "domain_schema": null,
            "dtd_identifier": "3",
            "generation_expression": null,
            "identity_cycle": "NO",
            "identity_generation": null,
            "identity_increment": null,
            "identity_maximum": null,
            "identity_minimum": null,
            "identity_start": null,
            "interval_precision": null,
            "interval_type": null,
            "is_generated": "NEVER",
            "is_identity": "NO",
            "is_nullable": "YES",
            "is_self_referencing": "NO",
            "is_updatable": "YES",
            "maximum_cardinality": null,
            "numeric_precision": null,
            "numeric_precision_radix": null,
            "numeric_scale": null,
            "ordinal_position": 3,
            "regtype": "character varying",
            "scope_catalog": null,
            "scope_name": null,
            "scope_schema": null,
            "table_catalog": "postgres",
            "table_name": "default_table",
            "table_schema": "public",
            "udt_catalog": "postgres",
            "udt_name": "varchar",
            "udt_schema": "pg_catalog",
          },
          "reference": undefined,
          "tags": Object {},
          "type": "varchar",
        },
        Object {
          "comment": undefined,
          "defaultValue": null,
          "generated": "NEVER",
          "indices": Array [],
          "isIdentity": false,
          "isPrimary": false,
          "isUpdatable": true,
          "maxLength": null,
          "name": "flag",
          "nullable": true,
          "parent": undefined,
          "rawInfo": Object {
            "character_maximum_length": null,
            "character_octet_length": null,
            "character_set_catalog": null,
            "character_set_name": null,
            "character_set_schema": null,
            "collation_catalog": null,
            "collation_name": null,
            "collation_schema": null,
            "column_default": null,
            "column_name": "flag",
            "data_type": "boolean",
            "datetime_precision": null,
            "domain_catalog": null,
            "domain_name": null,
            "domain_schema": null,
            "dtd_identifier": "4",
            "generation_expression": null,
            "identity_cycle": "NO",
            "identity_generation": null,
            "identity_increment": null,
            "identity_maximum": null,
            "identity_minimum": null,
            "identity_start": null,
            "interval_precision": null,
            "interval_type": null,
            "is_generated": "NEVER",
            "is_identity": "NO",
            "is_nullable": "YES",
            "is_self_referencing": "NO",
            "is_updatable": "YES",
            "maximum_cardinality": null,
            "numeric_precision": null,
            "numeric_precision_radix": null,
            "numeric_scale": null,
            "ordinal_position": 4,
            "regtype": "boolean",
            "scope_catalog": null,
            "scope_name": null,
            "scope_schema": null,
            "table_catalog": "postgres",
            "table_name": "default_table",
            "table_schema": "public",
            "udt_catalog": "postgres",
            "udt_name": "bool",
            "udt_schema": "pg_catalog",
          },
          "reference": undefined,
          "tags": Object {},
          "type": "bool",
        },
        Object {
          "comment": undefined,
          "defaultValue": null,
          "generated": "NEVER",
          "indices": Array [],
          "isIdentity": false,
          "isPrimary": false,
          "isUpdatable": true,
          "maxLength": null,
          "name": "created_at",
          "nullable": true,
          "parent": undefined,
          "rawInfo": Object {
            "character_maximum_length": null,
            "character_octet_length": null,
            "character_set_catalog": null,
            "character_set_name": null,
            "character_set_schema": null,
            "collation_catalog": null,
            "collation_name": null,
            "collation_schema": null,
            "column_default": null,
            "column_name": "created_at",
            "data_type": "timestamp with time zone",
            "datetime_precision": 6,
            "domain_catalog": null,
            "domain_name": null,
            "domain_schema": null,
            "dtd_identifier": "5",
            "generation_expression": null,
            "identity_cycle": "NO",
            "identity_generation": null,
            "identity_increment": null,
            "identity_maximum": null,
            "identity_minimum": null,
            "identity_start": null,
            "interval_precision": null,
            "interval_type": null,
            "is_generated": "NEVER",
            "is_identity": "NO",
            "is_nullable": "YES",
            "is_self_referencing": "NO",
            "is_updatable": "YES",
            "maximum_cardinality": null,
            "numeric_precision": null,
            "numeric_precision_radix": null,
            "numeric_scale": null,
            "ordinal_position": 5,
            "regtype": "timestamp with time zone",
            "scope_catalog": null,
            "scope_name": null,
            "scope_schema": null,
            "table_catalog": "postgres",
            "table_name": "default_table",
            "table_schema": "public",
            "udt_catalog": "postgres",
            "udt_name": "timestamptz",
            "udt_schema": "pg_catalog",
          },
          "reference": undefined,
          "tags": Object {},
          "type": "timestamptz",
        },
        Object {
          "comment": undefined,
          "defaultValue": null,
          "generated": "NEVER",
          "indices": Array [],
          "isIdentity": false,
          "isPrimary": false,
          "isUpdatable": true,
          "maxLength": null,
          "name": "updated_at",
          "nullable": true,
          "parent": undefined,
          "rawInfo": Object {
            "character_maximum_length": null,
            "character_octet_length": null,
            "character_set_catalog": null,
            "character_set_name": null,
            "character_set_schema": null,
            "collation_catalog": null,
            "collation_name": null,
            "collation_schema": null,
            "column_default": null,
            "column_name": "updated_at",
            "data_type": "timestamp with time zone",
            "datetime_precision": 6,
            "domain_catalog": null,
            "domain_name": null,
            "domain_schema": null,
            "dtd_identifier": "6",
            "generation_expression": null,
            "identity_cycle": "NO",
            "identity_generation": null,
            "identity_increment": null,
            "identity_maximum": null,
            "identity_minimum": null,
            "identity_start": null,
            "interval_precision": null,
            "interval_type": null,
            "is_generated": "NEVER",
            "is_identity": "NO",
            "is_nullable": "YES",
            "is_self_referencing": "NO",
            "is_updatable": "YES",
            "maximum_cardinality": null,
            "numeric_precision": null,
            "numeric_precision_radix": null,
            "numeric_scale": null,
            "ordinal_position": 6,
            "regtype": "timestamp with time zone",
            "scope_catalog": null,
            "scope_name": null,
            "scope_schema": null,
            "table_catalog": "postgres",
            "table_name": "default_table",
            "table_schema": "public",
            "udt_catalog": "postgres",
            "udt_name": "timestamptz",
            "udt_schema": "pg_catalog",
          },
          "reference": undefined,
          "tags": Object {},
          "type": "timestamptz",
        },
        Object {
          "comment": undefined,
          "defaultValue": null,
          "generated": "NEVER",
          "indices": Array [],
          "isIdentity": false,
          "isPrimary": false,
          "isUpdatable": true,
          "maxLength": null,
          "name": "json_field",
          "nullable": true,
          "parent": undefined,
          "rawInfo": Object {
            "character_maximum_length": null,
            "character_octet_length": null,
            "character_set_catalog": null,
            "character_set_name": null,
            "character_set_schema": null,
            "collation_catalog": null,
            "collation_name": null,
            "collation_schema": null,
            "column_default": null,
            "column_name": "json_field",
            "data_type": "jsonb",
            "datetime_precision": null,
            "domain_catalog": null,
            "domain_name": null,
            "domain_schema": null,
            "dtd_identifier": "7",
            "generation_expression": null,
            "identity_cycle": "NO",
            "identity_generation": null,
            "identity_increment": null,
            "identity_maximum": null,
            "identity_minimum": null,
            "identity_start": null,
            "interval_precision": null,
            "interval_type": null,
            "is_generated": "NEVER",
            "is_identity": "NO",
            "is_nullable": "YES",
            "is_self_referencing": "NO",
            "is_updatable": "YES",
            "maximum_cardinality": null,
            "numeric_precision": null,
            "numeric_precision_radix": null,
            "numeric_scale": null,
            "ordinal_position": 7,
            "regtype": "jsonb",
            "scope_catalog": null,
            "scope_name": null,
            "scope_schema": null,
            "table_catalog": "postgres",
            "table_name": "default_table",
            "table_schema": "public",
            "udt_catalog": "postgres",
            "udt_name": "jsonb",
            "udt_schema": "pg_catalog",
          },
          "reference": undefined,
          "tags": Object {},
          "type": "jsonb",
        },
        Object {
          "comment": undefined,
          "defaultValue": null,
          "generated": "NEVER",
          "indices": Array [],
          "isIdentity": false,
          "isPrimary": false,
          "isUpdatable": true,
          "maxLength": null,
          "name": "uuid_col",
          "nullable": true,
          "parent": undefined,
          "rawInfo": Object {
            "character_maximum_length": null,
            "character_octet_length": null,
            "character_set_catalog": null,
            "character_set_name": null,
            "character_set_schema": null,
            "collation_catalog": null,
            "collation_name": null,
            "collation_schema": null,
            "column_default": null,
            "column_name": "uuid_col",
            "data_type": "uuid",
            "datetime_precision": null,
            "domain_catalog": null,
            "domain_name": null,
            "domain_schema": null,
            "dtd_identifier": "8",
            "generation_expression": null,
            "identity_cycle": "NO",
            "identity_generation": null,
            "identity_increment": null,
            "identity_maximum": null,
            "identity_minimum": null,
            "identity_start": null,
            "interval_precision": null,
            "interval_type": null,
            "is_generated": "NEVER",
            "is_identity": "NO",
            "is_nullable": "YES",
            "is_self_referencing": "NO",
            "is_updatable": "YES",
            "maximum_cardinality": null,
            "numeric_precision": null,
            "numeric_precision_radix": null,
            "numeric_scale": null,
            "ordinal_position": 8,
            "regtype": "uuid",
            "scope_catalog": null,
            "scope_name": null,
            "scope_schema": null,
            "table_catalog": "postgres",
            "table_name": "default_table",
            "table_schema": "public",
            "udt_catalog": "postgres",
            "udt_name": "uuid",
            "udt_schema": "pg_catalog",
          },
          "reference": undefined,
          "tags": Object {},
          "type": "uuid",
        },
      ],
      "comment": undefined,
      "name": "default_table",
      "tags": Object {},
    },
  ],
  "types": Array [
    Object {
      "comment": undefined,
      "name": "cust_type",
      "tags": Object {},
      "type": "enum",
      "values": Array [
        "value1",
        "value2",
      ],
    },
  ],
  "views": Array [
    Object {
      "columns": Array [
        Object {
          "comment": undefined,
          "defaultValue": null,
          "generated": "NEVER",
          "indices": Array [],
          "isIdentity": false,
          "isPrimary": false,
          "isUpdatable": true,
          "maxLength": null,
          "name": "id",
          "nullable": true,
          "parent": undefined,
          "rawInfo": Object {
            "character_maximum_length": null,
            "character_octet_length": null,
            "character_set_catalog": null,
            "character_set_name": null,
            "character_set_schema": null,
            "collation_catalog": null,
            "collation_name": null,
            "collation_schema": null,
            "column_default": null,
            "column_name": "id",
            "data_type": "integer",
            "datetime_precision": null,
            "domain_catalog": null,
            "domain_name": null,
            "domain_schema": null,
            "dtd_identifier": "1",
            "generation_expression": null,
            "identity_cycle": "NO",
            "identity_generation": null,
            "identity_increment": null,
            "identity_maximum": null,
            "identity_minimum": null,
            "identity_start": null,
            "interval_precision": null,
            "interval_type": null,
            "is_generated": "NEVER",
            "is_identity": "NO",
            "is_nullable": "YES",
            "is_self_referencing": "NO",
            "is_updatable": "YES",
            "maximum_cardinality": null,
            "numeric_precision": 32,
            "numeric_precision_radix": 2,
            "numeric_scale": 0,
            "ordinal_position": 1,
            "regtype": "integer",
            "scope_catalog": null,
            "scope_name": null,
            "scope_schema": null,
            "table_catalog": "postgres",
            "table_name": "default_view",
            "table_schema": "public",
            "udt_catalog": "postgres",
            "udt_name": "int4",
            "udt_schema": "pg_catalog",
          },
          "reference": undefined,
          "tags": Object {},
          "type": "int4",
        },
        Object {
          "comment": undefined,
          "defaultValue": null,
          "generated": "NEVER",
          "indices": Array [],
          "isIdentity": false,
          "isPrimary": false,
          "isUpdatable": true,
          "maxLength": null,
          "name": "cust_type",
          "nullable": true,
          "parent": undefined,
          "rawInfo": Object {
            "character_maximum_length": null,
            "character_octet_length": null,
            "character_set_catalog": null,
            "character_set_name": null,
            "character_set_schema": null,
            "collation_catalog": null,
            "collation_name": null,
            "collation_schema": null,
            "column_default": null,
            "column_name": "cust_type",
            "data_type": "USER-DEFINED",
            "datetime_precision": null,
            "domain_catalog": null,
            "domain_name": null,
            "domain_schema": null,
            "dtd_identifier": "2",
            "generation_expression": null,
            "identity_cycle": "NO",
            "identity_generation": null,
            "identity_increment": null,
            "identity_maximum": null,
            "identity_minimum": null,
            "identity_start": null,
            "interval_precision": null,
            "interval_type": null,
            "is_generated": "NEVER",
            "is_identity": "NO",
            "is_nullable": "YES",
            "is_self_referencing": "NO",
            "is_updatable": "YES",
            "maximum_cardinality": null,
            "numeric_precision": null,
            "numeric_precision_radix": null,
            "numeric_scale": null,
            "ordinal_position": 2,
            "regtype": "cust_type",
            "scope_catalog": null,
            "scope_name": null,
            "scope_schema": null,
            "table_catalog": "postgres",
            "table_name": "default_view",
            "table_schema": "public",
            "udt_catalog": "postgres",
            "udt_name": "cust_type",
            "udt_schema": "public",
          },
          "reference": undefined,
          "tags": Object {},
          "type": "cust_type",
        },
        Object {
          "comment": undefined,
          "defaultValue": null,
          "generated": "NEVER",
          "indices": Array [],
          "isIdentity": false,
          "isPrimary": false,
          "isUpdatable": true,
          "maxLength": 255,
          "name": "name",
          "nullable": true,
          "parent": undefined,
          "rawInfo": Object {
            "character_maximum_length": 255,
            "character_octet_length": 1020,
            "character_set_catalog": null,
            "character_set_name": null,
            "character_set_schema": null,
            "collation_catalog": null,
            "collation_name": null,
            "collation_schema": null,
            "column_default": null,
            "column_name": "name",
            "data_type": "character varying",
            "datetime_precision": null,
            "domain_catalog": null,
            "domain_name": null,
            "domain_schema": null,
            "dtd_identifier": "3",
            "generation_expression": null,
            "identity_cycle": "NO",
            "identity_generation": null,
            "identity_increment": null,
            "identity_maximum": null,
            "identity_minimum": null,
            "identity_start": null,
            "interval_precision": null,
            "interval_type": null,
            "is_generated": "NEVER",
            "is_identity": "NO",
            "is_nullable": "YES",
            "is_self_referencing": "NO",
            "is_updatable": "YES",
            "maximum_cardinality": null,
            "numeric_precision": null,
            "numeric_precision_radix": null,
            "numeric_scale": null,
            "ordinal_position": 3,
            "regtype": "character varying",
            "scope_catalog": null,
            "scope_name": null,
            "scope_schema": null,
            "table_catalog": "postgres",
            "table_name": "default_view",
            "table_schema": "public",
            "udt_catalog": "postgres",
            "udt_name": "varchar",
            "udt_schema": "pg_catalog",
          },
          "reference": undefined,
          "tags": Object {},
          "type": "varchar",
        },
        Object {
          "comment": undefined,
          "defaultValue": null,
          "generated": "NEVER",
          "indices": Array [],
          "isIdentity": false,
          "isPrimary": false,
          "isUpdatable": true,
          "maxLength": null,
          "name": "flag",
          "nullable": true,
          "parent": undefined,
          "rawInfo": Object {
            "character_maximum_length": null,
            "character_octet_length": null,
            "character_set_catalog": null,
            "character_set_name": null,
            "character_set_schema": null,
            "collation_catalog": null,
            "collation_name": null,
            "collation_schema": null,
            "column_default": null,
            "column_name": "flag",
            "data_type": "boolean",
            "datetime_precision": null,
            "domain_catalog": null,
            "domain_name": null,
            "domain_schema": null,
            "dtd_identifier": "4",
            "generation_expression": null,
            "identity_cycle": "NO",
            "identity_generation": null,
            "identity_increment": null,
            "identity_maximum": null,
            "identity_minimum": null,
            "identity_start": null,
            "interval_precision": null,
            "interval_type": null,
            "is_generated": "NEVER",
            "is_identity": "NO",
            "is_nullable": "YES",
            "is_self_referencing": "NO",
            "is_updatable": "YES",
            "maximum_cardinality": null,
            "numeric_precision": null,
            "numeric_precision_radix": null,
            "numeric_scale": null,
            "ordinal_position": 4,
            "regtype": "boolean",
            "scope_catalog": null,
            "scope_name": null,
            "scope_schema": null,
            "table_catalog": "postgres",
            "table_name": "default_view",
            "table_schema": "public",
            "udt_catalog": "postgres",
            "udt_name": "bool",
            "udt_schema": "pg_catalog",
          },
          "reference": undefined,
          "tags": Object {},
          "type": "bool",
        },
        Object {
          "comment": undefined,
          "defaultValue": null,
          "generated": "NEVER",
          "indices": Array [],
          "isIdentity": false,
          "isPrimary": false,
          "isUpdatable": true,
          "maxLength": null,
          "name": "created_at",
          "nullable": true,
          "parent": undefined,
          "rawInfo": Object {
            "character_maximum_length": null,
            "character_octet_length": null,
            "character_set_catalog": null,
            "character_set_name": null,
            "character_set_schema": null,
            "collation_catalog": null,
            "collation_name": null,
            "collation_schema": null,
            "column_default": null,
            "column_name": "created_at",
            "data_type": "timestamp with time zone",
            "datetime_precision": 6,
            "domain_catalog": null,
            "domain_name": null,
            "domain_schema": null,
            "dtd_identifier": "5",
            "generation_expression": null,
            "identity_cycle": "NO",
            "identity_generation": null,
            "identity_increment": null,
            "identity_maximum": null,
            "identity_minimum": null,
            "identity_start": null,
            "interval_precision": null,
            "interval_type": null,
            "is_generated": "NEVER",
            "is_identity": "NO",
            "is_nullable": "YES",
            "is_self_referencing": "NO",
            "is_updatable": "YES",
            "maximum_cardinality": null,
            "numeric_precision": null,
            "numeric_precision_radix": null,
            "numeric_scale": null,
            "ordinal_position": 5,
            "regtype": "timestamp with time zone",
            "scope_catalog": null,
            "scope_name": null,
            "scope_schema": null,
            "table_catalog": "postgres",
            "table_name": "default_view",
            "table_schema": "public",
            "udt_catalog": "postgres",
            "udt_name": "timestamptz",
            "udt_schema": "pg_catalog",
          },
          "reference": undefined,
          "tags": Object {},
          "type": "timestamptz",
        },
        Object {
          "comment": undefined,
          "defaultValue": null,
          "generated": "NEVER",
          "indices": Array [],
          "isIdentity": false,
          "isPrimary": false,
          "isUpdatable": true,
          "maxLength": null,
          "name": "updated_at",
          "nullable": true,
          "parent": undefined,
          "rawInfo": Object {
            "character_maximum_length": null,
            "character_octet_length": null,
            "character_set_catalog": null,
            "character_set_name": null,
            "character_set_schema": null,
            "collation_catalog": null,
            "collation_name": null,
            "collation_schema": null,
            "column_default": null,
            "column_name": "updated_at",
            "data_type": "timestamp with time zone",
            "datetime_precision": 6,
            "domain_catalog": null,
            "domain_name": null,
            "domain_schema": null,
            "dtd_identifier": "6",
            "generation_expression": null,
            "identity_cycle": "NO",
            "identity_generation": null,
            "identity_increment": null,
            "identity_maximum": null,
            "identity_minimum": null,
            "identity_start": null,
            "interval_precision": null,
            "interval_type": null,
            "is_generated": "NEVER",
            "is_identity": "NO",
            "is_nullable": "YES",
            "is_self_referencing": "NO",
            "is_updatable": "YES",
            "maximum_cardinality": null,
            "numeric_precision": null,
            "numeric_precision_radix": null,
            "numeric_scale": null,
            "ordinal_position": 6,
            "regtype": "timestamp with time zone",
            "scope_catalog": null,
            "scope_name": null,
            "scope_schema": null,
            "table_catalog": "postgres",
            "table_name": "default_view",
            "table_schema": "public",
            "udt_catalog": "postgres",
            "udt_name": "timestamptz",
            "udt_schema": "pg_catalog",
          },
          "reference": undefined,
          "tags": Object {},
          "type": "timestamptz",
        },
        Object {
          "comment": undefined,
          "defaultValue": null,
          "generated": "NEVER",
          "indices": Array [],
          "isIdentity": false,
          "isPrimary": false,
          "isUpdatable": true,
          "maxLength": null,
          "name": "json_field",
          "nullable": true,
          "parent": undefined,
          "rawInfo": Object {
            "character_maximum_length": null,
            "character_octet_length": null,
            "character_set_catalog": null,
            "character_set_name": null,
            "character_set_schema": null,
            "collation_catalog": null,
            "collation_name": null,
            "collation_schema": null,
            "column_default": null,
            "column_name": "json_field",
            "data_type": "jsonb",
            "datetime_precision": null,
            "domain_catalog": null,
            "domain_name": null,
            "domain_schema": null,
            "dtd_identifier": "7",
            "generation_expression": null,
            "identity_cycle": "NO",
            "identity_generation": null,
            "identity_increment": null,
            "identity_maximum": null,
            "identity_minimum": null,
            "identity_start": null,
            "interval_precision": null,
            "interval_type": null,
            "is_generated": "NEVER",
            "is_identity": "NO",
            "is_nullable": "YES",
            "is_self_referencing": "NO",
            "is_updatable": "YES",
            "maximum_cardinality": null,
            "numeric_precision": null,
            "numeric_precision_radix": null,
            "numeric_scale": null,
            "ordinal_position": 7,
            "regtype": "jsonb",
            "scope_catalog": null,
            "scope_name": null,
            "scope_schema": null,
            "table_catalog": "postgres",
            "table_name": "default_view",
            "table_schema": "public",
            "udt_catalog": "postgres",
            "udt_name": "jsonb",
            "udt_schema": "pg_catalog",
          },
          "reference": undefined,
          "tags": Object {},
          "type": "jsonb",
        },
        Object {
          "comment": undefined,
          "defaultValue": null,
          "generated": "NEVER",
          "indices": Array [],
          "isIdentity": false,
          "isPrimary": false,
          "isUpdatable": true,
          "maxLength": null,
          "name": "uuid_col",
          "nullable": true,
          "parent": undefined,
          "rawInfo": Object {
            "character_maximum_length": null,
            "character_octet_length": null,
            "character_set_catalog": null,
            "character_set_name": null,
            "character_set_schema": null,
            "collation_catalog": null,
            "collation_name": null,
            "collation_schema": null,
            "column_default": null,
            "column_name": "uuid_col",
            "data_type": "uuid",
            "datetime_precision": null,
            "domain_catalog": null,
            "domain_name": null,
            "domain_schema": null,
            "dtd_identifier": "8",
            "generation_expression": null,
            "identity_cycle": "NO",
            "identity_generation": null,
            "identity_increment": null,
            "identity_maximum": null,
            "identity_minimum": null,
            "identity_start": null,
            "interval_precision": null,
            "interval_type": null,
            "is_generated": "NEVER",
            "is_identity": "NO",
            "is_nullable": "YES",
            "is_self_referencing": "NO",
            "is_updatable": "YES",
            "maximum_cardinality": null,
            "numeric_precision": null,
            "numeric_precision_radix": null,
            "numeric_scale": null,
            "ordinal_position": 8,
            "regtype": "uuid",
            "scope_catalog": null,
            "scope_name": null,
            "scope_schema": null,
            "table_catalog": "postgres",
            "table_name": "default_view",
            "table_schema": "public",
            "udt_catalog": "postgres",
            "udt_name": "uuid",
            "udt_schema": "pg_catalog",
          },
          "reference": undefined,
          "tags": Object {},
          "type": "uuid",
        },
      ],
      "comment": undefined,
      "name": "default_view",
      "tags": Object {},
    },
  ],
}
`;
